// Jest Snapshot v1, https://goo.gl/fbAQLP

exports[`Button component: should match the snapshot 1`] = `
<DocumentFragment>
  <button
    class="button"
    id="button_id_0"
    title="Cancel"
    type="button"
  >
    <span
      class="button__shadow"
    />
    <span
      class="button__edge"
    />
    <span
      class="button__front chop-icon__check"
      data-testid="button_id_0"
    >
      Test
    </span>
  </button>
</DocumentFragment>
`;
