// Jest Snapshot v1, https://goo.gl/fbAQLP

exports[`Formula component: should match the snapshot 1`] = `
<DocumentFragment>
  <div
    class="formula__wrapper"
  >
    <div
      class="formula__indentation"
    >
       
    </div>
    <pre
      class="formula"
      role="math"
    >
      <span
        class="formula__parentheses"
      >
        (
      </span>
      <span
        class="formula__parentheses"
      >
        (
      </span>
      <span
        class="formula__operator"
      >
        ¬
      </span>
      <span
        class="formula__parentheses"
      >
        (
      </span>
      <var
        class="formula__variable"
      >
        P
      </var>
      <span
        class="formula__parentheses"
      >
        )
      </span>
      <span
        class="formula__parentheses"
      >
        )
      </span>
      <span
        class="formula__operator"
      >
         ⇒ 
      </span>
      <span
        class="formula__parentheses"
      >
        (
      </span>
      <span
        class="formula__parentheses"
      >
        (
      </span>
      <span
        class="formula__parentheses"
      >
        (
      </span>
      <var
        class="formula__variable"
      >
        P
      </var>
      <span
        class="formula__parentheses"
      >
        )
      </span>
      <span
        class="formula__operator"
      >
         ∧ 
      </span>
      <span
        class="formula__parentheses"
      >
        (
      </span>
      <var
        class="formula__variable"
      >
        Q
      </var>
      <span
        class="formula__parentheses"
      >
        )
      </span>
      <span
        class="formula__parentheses"
      >
        )
      </span>
      <span
        class="formula__operator"
      >
         ⇒ 
      </span>
      <span
        class="formula__parentheses"
      >
        (
      </span>
      <span
        class="formula__operator"
      >
        ¬
      </span>
      <span
        class="formula__parentheses"
      >
        (
      </span>
      <var
        class="formula__variable"
      >
        P
      </var>
      <span
        class="formula__parentheses"
      >
        )
      </span>
      <span
        class="formula__parentheses"
      >
        )
      </span>
      <span
        class="formula__parentheses"
      >
        )
      </span>
      <span
        class="formula__parentheses"
      >
        )
      </span>
    </pre>
  </div>
</DocumentFragment>
`;
