// Jest Snapshot v1, https://goo.gl/fbAQLP

exports[`TruthTablesOperands tests: should match the snapshot 1`] = `
<DocumentFragment>
  <div
    class="truth-tables_operands"
  >
    <table
      class="table"
    >
      <thead
        class="table__head"
      >
        <tr
          class="table__row"
        >
          <th
            class="table__cell table__cell_heading"
          >
            <span>
              <span>
                <span
                  class="katex"
                >
                  <span
                    class="katex-mathml"
                  >
                    <math>
                      <semantics>
                        <mrow>
                          <mi
                            mathvariant="normal"
                          >
                            ⊥
                          </mi>
                        </mrow>
                        <annotation
                          encoding="application/x-tex"
                        >
                          \\bot
                        </annotation>
                      </semantics>
                    </math>
                  </span>
                  <span
                    aria-hidden="true"
                    class="katex-html"
                  >
                    <span
                      class="base"
                    >
                      <span
                        class="strut"
                        style="height:0.69444em;vertical-align:0em;"
                      />
                      <span
                        class="mord"
                      >
                        ⊥
                      </span>
                    </span>
                  </span>
                </span>
              </span>
            </span>
          </th>
          <th
            class="table__cell table__cell_heading"
          >
            <span>
              <span>
                <span
                  class="katex"
                >
                  <span
                    class="katex-mathml"
                  >
                    <math>
                      <semantics>
                        <mrow>
                          <mo>
                            ∧
                          </mo>
                        </mrow>
                        <annotation
                          encoding="application/x-tex"
                        >
                          \\land
                        </annotation>
                      </semantics>
                    </math>
                  </span>
                  <span
                    aria-hidden="true"
                    class="katex-html"
                  >
                    <span
                      class="base"
                    >
                      <span
                        class="strut"
                        style="height:0.55556em;vertical-align:0em;"
                      />
                      <span
                        class="mord"
                      >
                        ∧
                      </span>
                    </span>
                  </span>
                </span>
              </span>
            </span>
          </th>
          <th
            class="table__cell table__cell_heading"
          >
            <span>
              <span>
                <span
                  class="katex"
                >
                  <span
                    class="katex-mathml"
                  >
                    <math>
                      <semantics>
                        <mrow>
                          <mo>
                            ↛
                          </mo>
                        </mrow>
                        <annotation
                          encoding="application/x-tex"
                        >
                          \\nrightarrow
                        </annotation>
                      </semantics>
                    </math>
                  </span>
                  <span
                    aria-hidden="true"
                    class="katex-html"
                  >
                    <span
                      class="base"
                    >
                      <span
                        class="strut"
                        style="height:0.36687em;vertical-align:0em;"
                      />
                      <span
                        class="mrel amsrm"
                      >
                        ↛
                      </span>
                    </span>
                  </span>
                </span>
              </span>
            </span>
          </th>
          <th
            class="table__cell table__cell_heading"
          >
            <span>
              <span>
                <span
                  class="katex"
                >
                  <span
                    class="katex-mathml"
                  >
                    <math>
                      <semantics>
                        <mrow>
                          <mi>
                            p
                          </mi>
                        </mrow>
                        <annotation
                          encoding="application/x-tex"
                        >
                          p
                        </annotation>
                      </semantics>
                    </math>
                  </span>
                  <span
                    aria-hidden="true"
                    class="katex-html"
                  >
                    <span
                      class="base"
                    >
                      <span
                        class="strut"
                        style="height:0.625em;vertical-align:-0.19444em;"
                      />
                      <span
                        class="mord mathdefault"
                      >
                        p
                      </span>
                    </span>
                  </span>
                </span>
              </span>
            </span>
          </th>
          <th
            class="table__cell table__cell_heading"
          >
            <span>
              <span>
                <span
                  class="katex"
                >
                  <span
                    class="katex-mathml"
                  >
                    <math>
                      <semantics>
                        <mrow>
                          <mo>
                            ↚
                          </mo>
                        </mrow>
                        <annotation
                          encoding="application/x-tex"
                        >
                          \\nleftarrow
                        </annotation>
                      </semantics>
                    </math>
                  </span>
                  <span
                    aria-hidden="true"
                    class="katex-html"
                  >
                    <span
                      class="base"
                    >
                      <span
                        class="strut"
                        style="height:0.36687em;vertical-align:0em;"
                      />
                      <span
                        class="mrel amsrm"
                      >
                        ↚
                      </span>
                    </span>
                  </span>
                </span>
              </span>
            </span>
          </th>
          <th
            class="table__cell table__cell_heading"
          >
            <span>
              <span>
                <span
                  class="katex"
                >
                  <span
                    class="katex-mathml"
                  >
                    <math>
                      <semantics>
                        <mrow>
                          <mi>
                            q
                          </mi>
                        </mrow>
                        <annotation
                          encoding="application/x-tex"
                        >
                          q
                        </annotation>
                      </semantics>
                    </math>
                  </span>
                  <span
                    aria-hidden="true"
                    class="katex-html"
                  >
                    <span
                      class="base"
                    >
                      <span
                        class="strut"
                        style="height:0.625em;vertical-align:-0.19444em;"
                      />
                      <span
                        class="mord mathdefault"
                        style="margin-right:0.03588em;"
                      >
                        q
                      </span>
                    </span>
                  </span>
                </span>
              </span>
            </span>
          </th>
          <th
            class="table__cell table__cell_heading"
          >
            <span>
              <span>
                <span
                  class="katex"
                >
                  <span
                    class="katex-mathml"
                  >
                    <math>
                      <semantics>
                        <mrow>
                          <mo>
                            ⊕
                          </mo>
                        </mrow>
                        <annotation
                          encoding="application/x-tex"
                        >
                          \\oplus
                        </annotation>
                      </semantics>
                    </math>
                  </span>
                  <span
                    aria-hidden="true"
                    class="katex-html"
                  >
                    <span
                      class="base"
                    >
                      <span
                        class="strut"
                        style="height:0.66666em;vertical-align:-0.08333em;"
                      />
                      <span
                        class="mord"
                      >
                        ⊕
                      </span>
                    </span>
                  </span>
                </span>
              </span>
            </span>
          </th>
          <th
            class="table__cell table__cell_heading"
          >
            <span>
              <span>
                <span
                  class="katex"
                >
                  <span
                    class="katex-mathml"
                  >
                    <math>
                      <semantics>
                        <mrow>
                          <mo>
                            ∨
                          </mo>
                        </mrow>
                        <annotation
                          encoding="application/x-tex"
                        >
                          \\lor
                        </annotation>
                      </semantics>
                    </math>
                  </span>
                  <span
                    aria-hidden="true"
                    class="katex-html"
                  >
                    <span
                      class="base"
                    >
                      <span
                        class="strut"
                        style="height:0.55556em;vertical-align:0em;"
                      />
                      <span
                        class="mord"
                      >
                        ∨
                      </span>
                    </span>
                  </span>
                </span>
              </span>
            </span>
          </th>
          <th
            class="table__cell table__cell_heading"
          >
            <span>
              <span>
                <span
                  class="katex"
                >
                  <span
                    class="katex-mathml"
                  >
                    <math>
                      <semantics>
                        <mrow>
                          <mo>
                            ↓
                          </mo>
                        </mrow>
                        <annotation
                          encoding="application/x-tex"
                        >
                          \\downarrow
                        </annotation>
                      </semantics>
                    </math>
                  </span>
                  <span
                    aria-hidden="true"
                    class="katex-html"
                  >
                    <span
                      class="base"
                    >
                      <span
                        class="strut"
                        style="height:0.8888799999999999em;vertical-align:-0.19444em;"
                      />
                      <span
                        class="mrel"
                      >
                        ↓
                      </span>
                    </span>
                  </span>
                </span>
              </span>
            </span>
          </th>
          <th
            class="table__cell table__cell_heading"
          >
            <span>
              <span>
                <span
                  class="katex"
                >
                  <span
                    class="katex-mathml"
                  >
                    <math>
                      <semantics>
                        <mrow>
                          <mo>
                            ↔
                          </mo>
                        </mrow>
                        <annotation
                          encoding="application/x-tex"
                        >
                          \\leftrightarrow
                        </annotation>
                      </semantics>
                    </math>
                  </span>
                  <span
                    aria-hidden="true"
                    class="katex-html"
                  >
                    <span
                      class="base"
                    >
                      <span
                        class="strut"
                        style="height:0.36687em;vertical-align:0em;"
                      />
                      <span
                        class="mrel"
                      >
                        ↔
                      </span>
                    </span>
                  </span>
                </span>
              </span>
            </span>
          </th>
          <th
            class="table__cell table__cell_heading"
          >
            <span>
              <span>
                <span
                  class="katex"
                >
                  <span
                    class="katex-mathml"
                  >
                    <math>
                      <semantics>
                        <mrow>
                          <mi
                            mathvariant="normal"
                          >
                            ¬
                          </mi>
                          <mi>
                            q
                          </mi>
                        </mrow>
                        <annotation
                          encoding="application/x-tex"
                        >
                          \\neg q
                        </annotation>
                      </semantics>
                    </math>
                  </span>
                  <span
                    aria-hidden="true"
                    class="katex-html"
                  >
                    <span
                      class="base"
                    >
                      <span
                        class="strut"
                        style="height:0.625em;vertical-align:-0.19444em;"
                      />
                      <span
                        class="mord"
                      >
                        ¬
                      </span>
                      <span
                        class="mord mathdefault"
                        style="margin-right:0.03588em;"
                      >
                        q
                      </span>
                    </span>
                  </span>
                </span>
              </span>
            </span>
          </th>
          <th
            class="table__cell table__cell_heading"
          >
            <span>
              <span>
                <span
                  class="katex"
                >
                  <span
                    class="katex-mathml"
                  >
                    <math>
                      <semantics>
                        <mrow>
                          <mo>
                            ←
                          </mo>
                        </mrow>
                        <annotation
                          encoding="application/x-tex"
                        >
                          \\leftarrow
                        </annotation>
                      </semantics>
                    </math>
                  </span>
                  <span
                    aria-hidden="true"
                    class="katex-html"
                  >
                    <span
                      class="base"
                    >
                      <span
                        class="strut"
                        style="height:0.36687em;vertical-align:0em;"
                      />
                      <span
                        class="mrel"
                      >
                        ←
                      </span>
                    </span>
                  </span>
                </span>
              </span>
            </span>
          </th>
          <th
            class="table__cell table__cell_heading"
          >
            <span>
              <span>
                <span
                  class="katex"
                >
                  <span
                    class="katex-mathml"
                  >
                    <math>
                      <semantics>
                        <mrow>
                          <mi
                            mathvariant="normal"
                          >
                            ¬
                          </mi>
                          <mi>
                            p
                          </mi>
                        </mrow>
                        <annotation
                          encoding="application/x-tex"
                        >
                          \\neg p
                        </annotation>
                      </semantics>
                    </math>
                  </span>
                  <span
                    aria-hidden="true"
                    class="katex-html"
                  >
                    <span
                      class="base"
                    >
                      <span
                        class="strut"
                        style="height:0.625em;vertical-align:-0.19444em;"
                      />
                      <span
                        class="mord"
                      >
                        ¬
                      </span>
                      <span
                        class="mord mathdefault"
                      >
                        p
                      </span>
                    </span>
                  </span>
                </span>
              </span>
            </span>
          </th>
          <th
            class="table__cell table__cell_heading"
          >
            <span>
              <span>
                <span
                  class="katex"
                >
                  <span
                    class="katex-mathml"
                  >
                    <math>
                      <semantics>
                        <mrow>
                          <mo>
                            →
                          </mo>
                        </mrow>
                        <annotation
                          encoding="application/x-tex"
                        >
                          \\rightarrow
                        </annotation>
                      </semantics>
                    </math>
                  </span>
                  <span
                    aria-hidden="true"
                    class="katex-html"
                  >
                    <span
                      class="base"
                    >
                      <span
                        class="strut"
                        style="height:0.36687em;vertical-align:0em;"
                      />
                      <span
                        class="mrel"
                      >
                        →
                      </span>
                    </span>
                  </span>
                </span>
              </span>
            </span>
          </th>
          <th
            class="table__cell table__cell_heading"
          >
            <span>
              <span>
                <span
                  class="katex"
                >
                  <span
                    class="katex-mathml"
                  >
                    <math>
                      <semantics>
                        <mrow>
                          <mi
                            mathvariant="normal"
                          >
                            ∣
                          </mi>
                        </mrow>
                        <annotation
                          encoding="application/x-tex"
                        >
                          |
                        </annotation>
                      </semantics>
                    </math>
                  </span>
                  <span
                    aria-hidden="true"
                    class="katex-html"
                  >
                    <span
                      class="base"
                    >
                      <span
                        class="strut"
                        style="height:1em;vertical-align:-0.25em;"
                      />
                      <span
                        class="mord"
                      >
                        ∣
                      </span>
                    </span>
                  </span>
                </span>
              </span>
            </span>
          </th>
          <th
            class="table__cell table__cell_heading"
          >
            <span>
              <span>
                <span
                  class="katex"
                >
                  <span
                    class="katex-mathml"
                  >
                    <math>
                      <semantics>
                        <mrow>
                          <mi
                            mathvariant="normal"
                          >
                            ⊥
                          </mi>
                        </mrow>
                        <annotation
                          encoding="application/x-tex"
                        >
                          \\bot
                        </annotation>
                      </semantics>
                    </math>
                  </span>
                  <span
                    aria-hidden="true"
                    class="katex-html"
                  >
                    <span
                      class="base"
                    >
                      <span
                        class="strut"
                        style="height:0.69444em;vertical-align:0em;"
                      />
                      <span
                        class="mord"
                      >
                        ⊥
                      </span>
                    </span>
                  </span>
                </span>
              </span>
            </span>
          </th>
        </tr>
      </thead>
      <tbody
        class="table__body"
      >
        <tr
          class="table__row"
        >
          <td
            class="table__cell"
          >
            0
          </td>
          <td
            class="table__cell"
          >
            0
          </td>
          <td
            class="table__cell"
          >
            0
          </td>
          <td
            class="table__cell"
          >
            0
          </td>
          <td
            class="table__cell"
          >
            0
          </td>
          <td
            class="table__cell"
          >
            0
          </td>
          <td
            class="table__cell"
          >
            0
          </td>
          <td
            class="table__cell"
          >
            0
          </td>
          <td
            class="table__cell"
          >
            1
          </td>
          <td
            class="table__cell"
          >
            1
          </td>
          <td
            class="table__cell"
          >
            1
          </td>
          <td
            class="table__cell"
          >
            1
          </td>
          <td
            class="table__cell"
          >
            1
          </td>
          <td
            class="table__cell"
          >
            1
          </td>
          <td
            class="table__cell"
          >
            1
          </td>
          <td
            class="table__cell"
          >
            1
          </td>
        </tr>
        <tr
          class="table__row"
        >
          <td
            class="table__cell"
          >
            0
          </td>
          <td
            class="table__cell"
          >
            0
          </td>
          <td
            class="table__cell"
          >
            0
          </td>
          <td
            class="table__cell"
          >
            0
          </td>
          <td
            class="table__cell"
          >
            1
          </td>
          <td
            class="table__cell"
          >
            1
          </td>
          <td
            class="table__cell"
          >
            1
          </td>
          <td
            class="table__cell"
          >
            1
          </td>
          <td
            class="table__cell"
          >
            0
          </td>
          <td
            class="table__cell"
          >
            0
          </td>
          <td
            class="table__cell"
          >
            0
          </td>
          <td
            class="table__cell"
          >
            0
          </td>
          <td
            class="table__cell"
          >
            1
          </td>
          <td
            class="table__cell"
          >
            1
          </td>
          <td
            class="table__cell"
          >
            1
          </td>
          <td
            class="table__cell"
          >
            1
          </td>
        </tr>
        <tr
          class="table__row"
        >
          <td
            class="table__cell"
          >
            0
          </td>
          <td
            class="table__cell"
          >
            0
          </td>
          <td
            class="table__cell"
          >
            1
          </td>
          <td
            class="table__cell"
          >
            1
          </td>
          <td
            class="table__cell"
          >
            0
          </td>
          <td
            class="table__cell"
          >
            0
          </td>
          <td
            class="table__cell"
          >
            1
          </td>
          <td
            class="table__cell"
          >
            1
          </td>
          <td
            class="table__cell"
          >
            0
          </td>
          <td
            class="table__cell"
          >
            0
          </td>
          <td
            class="table__cell"
          >
            1
          </td>
          <td
            class="table__cell"
          >
            1
          </td>
          <td
            class="table__cell"
          >
            0
          </td>
          <td
            class="table__cell"
          >
            0
          </td>
          <td
            class="table__cell"
          >
            1
          </td>
          <td
            class="table__cell"
          >
            1
          </td>
        </tr>
        <tr
          class="table__row"
        >
          <td
            class="table__cell"
          >
            0
          </td>
          <td
            class="table__cell"
          >
            1
          </td>
          <td
            class="table__cell"
          >
            0
          </td>
          <td
            class="table__cell"
          >
            1
          </td>
          <td
            class="table__cell"
          >
            0
          </td>
          <td
            class="table__cell"
          >
            1
          </td>
          <td
            class="table__cell"
          >
            0
          </td>
          <td
            class="table__cell"
          >
            1
          </td>
          <td
            class="table__cell"
          >
            0
          </td>
          <td
            class="table__cell"
          >
            1
          </td>
          <td
            class="table__cell"
          >
            0
          </td>
          <td
            class="table__cell"
          >
            1
          </td>
          <td
            class="table__cell"
          >
            0
          </td>
          <td
            class="table__cell"
          >
            1
          </td>
          <td
            class="table__cell"
          >
            0
          </td>
          <td
            class="table__cell"
          >
            1
          </td>
        </tr>
      </tbody>
    </table>
  </div>
</DocumentFragment>
`;
