// Jest Snapshot v1, https://goo.gl/fbAQLP

exports[`Navigation component: should match the snapshot 1`] = `
<DocumentFragment>
  <nav
    class="navigation test-class-name"
  >
    <h2
      class="navigation__header"
    >
      Navigation
    </h2>
    <ul
      class="navigation__list"
    >
      <li>
        <span
          class="app-link"
          data-testid="link-to_3"
        >
          <a
            class="chop-icon__file-empty"
            href="/direct-proofs"
          >
            Direct Proofs
          </a>
        </span>
      </li>
      <li>
        <span
          class="app-link"
          data-testid="link-to_4"
        >
          <a
            class="chop-icon__files-empty"
            href="/natural-proofs"
          >
            Natural Proofs
          </a>
        </span>
      </li>
      <li>
        <span
          class="app-link"
          data-testid="link-to_5"
        >
          <a
            class="chop-icon__libreoffice"
            href="/resolution-proofs"
          >
            Resolution Proofs
          </a>
        </span>
      </li>
      <li>
        <span
          class="app-link"
          data-testid="link-to_7"
        >
          <a
            class="chop-icon__delicious"
            href="/truth-tables"
          >
            Truth Tables
          </a>
        </span>
      </li>
    </ul>
  </nav>
</DocumentFragment>
`;
